// Jest Snapshot v1, https://goo.gl/fbAQLP

exports[`<ArtistProfile /> renders correctly 1`] = `
ShallowWrapper {
  Symbol(enzyme.__root__): [Circular],
  Symbol(enzyme.__unrendered__): <ArtistProfile
    artist={
      Object {
        "facebook": "http://fb.me",
        "image": "https://i.ytimg.com/vi/5530I_pYjbo/maxresdefault.jpg",
        "name": "Catzilla",
      }
    }
    events={
      Array [
        Object {
          "city": "Krakow",
          "country": "Poland",
          "date": "2018-12-30T19:00:48",
          "id": "my.id",
          "lat": 0,
          "long": 0,
          "venue": "Tauron Arena",
        },
      ]
    }
  />,
  Symbol(enzyme.__renderer__): Object {
    "batchedUpdates": [Function],
    "getNode": [Function],
    "render": [Function],
    "simulateError": [Function],
    "simulateEvent": [Function],
    "unmount": [Function],
  },
  Symbol(enzyme.__node__): Object {
    "instance": null,
    "key": undefined,
    "nodeType": "host",
    "props": Object {
      "children": Array [
        <div
          className="artistProfile__details"
        >
          <div
            className="artistProfile__image"
          >
            <img
              alt="Catzilla"
              src="https://i.ytimg.com/vi/5530I_pYjbo/maxresdefault.jpg"
            />
          </div>
          <div
            className="artistProfile__name"
          >
            <h1>
              Catzilla
            </h1>
          </div>
          <div
            className="artistProfile__link"
          >
            <a
              href="http://fb.me"
              target="_blank"
            >
              Facebook profile
            </a>
          </div>
        </div>,
        <div
          className="artistProfile_events"
        >
          <EventsList
            events={
              Array [
                Object {
                  "city": "Krakow",
                  "country": "Poland",
                  "date": "2018-12-30T19:00:48",
                  "id": "my.id",
                  "lat": 0,
                  "long": 0,
                  "venue": "Tauron Arena",
                },
              ]
            }
          />
        </div>,
      ],
      "className": "artistProfile",
    },
    "ref": null,
    "rendered": Array [
      Object {
        "instance": null,
        "key": undefined,
        "nodeType": "host",
        "props": Object {
          "children": Array [
            <div
              className="artistProfile__image"
            >
              <img
                alt="Catzilla"
                src="https://i.ytimg.com/vi/5530I_pYjbo/maxresdefault.jpg"
              />
            </div>,
            <div
              className="artistProfile__name"
            >
              <h1>
                Catzilla
              </h1>
            </div>,
            <div
              className="artistProfile__link"
            >
              <a
                href="http://fb.me"
                target="_blank"
              >
                Facebook profile
              </a>
            </div>,
          ],
          "className": "artistProfile__details",
        },
        "ref": null,
        "rendered": Array [
          Object {
            "instance": null,
            "key": undefined,
            "nodeType": "host",
            "props": Object {
              "children": <img
                alt="Catzilla"
                src="https://i.ytimg.com/vi/5530I_pYjbo/maxresdefault.jpg"
              />,
              "className": "artistProfile__image",
            },
            "ref": null,
            "rendered": Object {
              "instance": null,
              "key": undefined,
              "nodeType": "host",
              "props": Object {
                "alt": "Catzilla",
                "src": "https://i.ytimg.com/vi/5530I_pYjbo/maxresdefault.jpg",
              },
              "ref": null,
              "rendered": null,
              "type": "img",
            },
            "type": "div",
          },
          Object {
            "instance": null,
            "key": undefined,
            "nodeType": "host",
            "props": Object {
              "children": <h1>
                Catzilla
              </h1>,
              "className": "artistProfile__name",
            },
            "ref": null,
            "rendered": Object {
              "instance": null,
              "key": undefined,
              "nodeType": "host",
              "props": Object {
                "children": "Catzilla",
              },
              "ref": null,
              "rendered": "Catzilla",
              "type": "h1",
            },
            "type": "div",
          },
          Object {
            "instance": null,
            "key": undefined,
            "nodeType": "host",
            "props": Object {
              "children": <a
                href="http://fb.me"
                target="_blank"
              >
                Facebook profile
              </a>,
              "className": "artistProfile__link",
            },
            "ref": null,
            "rendered": Object {
              "instance": null,
              "key": undefined,
              "nodeType": "host",
              "props": Object {
                "children": "Facebook profile",
                "href": "http://fb.me",
                "target": "_blank",
              },
              "ref": null,
              "rendered": "Facebook profile",
              "type": "a",
            },
            "type": "div",
          },
        ],
        "type": "div",
      },
      Object {
        "instance": null,
        "key": undefined,
        "nodeType": "host",
        "props": Object {
          "children": <EventsList
            events={
              Array [
                Object {
                  "city": "Krakow",
                  "country": "Poland",
                  "date": "2018-12-30T19:00:48",
                  "id": "my.id",
                  "lat": 0,
                  "long": 0,
                  "venue": "Tauron Arena",
                },
              ]
            }
          />,
          "className": "artistProfile_events",
        },
        "ref": null,
        "rendered": Object {
          "instance": null,
          "key": undefined,
          "nodeType": "class",
          "props": Object {
            "events": Array [
              Object {
                "city": "Krakow",
                "country": "Poland",
                "date": "2018-12-30T19:00:48",
                "id": "my.id",
                "lat": 0,
                "long": 0,
                "venue": "Tauron Arena",
              },
            ],
          },
          "ref": null,
          "rendered": null,
          "type": [Function],
        },
        "type": "div",
      },
    ],
    "type": "div",
  },
  Symbol(enzyme.__nodes__): Array [
    Object {
      "instance": null,
      "key": undefined,
      "nodeType": "host",
      "props": Object {
        "children": Array [
          <div
            className="artistProfile__details"
          >
            <div
              className="artistProfile__image"
            >
              <img
                alt="Catzilla"
                src="https://i.ytimg.com/vi/5530I_pYjbo/maxresdefault.jpg"
              />
            </div>
            <div
              className="artistProfile__name"
            >
              <h1>
                Catzilla
              </h1>
            </div>
            <div
              className="artistProfile__link"
            >
              <a
                href="http://fb.me"
                target="_blank"
              >
                Facebook profile
              </a>
            </div>
          </div>,
          <div
            className="artistProfile_events"
          >
            <EventsList
              events={
                Array [
                  Object {
                    "city": "Krakow",
                    "country": "Poland",
                    "date": "2018-12-30T19:00:48",
                    "id": "my.id",
                    "lat": 0,
                    "long": 0,
                    "venue": "Tauron Arena",
                  },
                ]
              }
            />
          </div>,
        ],
        "className": "artistProfile",
      },
      "ref": null,
      "rendered": Array [
        Object {
          "instance": null,
          "key": undefined,
          "nodeType": "host",
          "props": Object {
            "children": Array [
              <div
                className="artistProfile__image"
              >
                <img
                  alt="Catzilla"
                  src="https://i.ytimg.com/vi/5530I_pYjbo/maxresdefault.jpg"
                />
              </div>,
              <div
                className="artistProfile__name"
              >
                <h1>
                  Catzilla
                </h1>
              </div>,
              <div
                className="artistProfile__link"
              >
                <a
                  href="http://fb.me"
                  target="_blank"
                >
                  Facebook profile
                </a>
              </div>,
            ],
            "className": "artistProfile__details",
          },
          "ref": null,
          "rendered": Array [
            Object {
              "instance": null,
              "key": undefined,
              "nodeType": "host",
              "props": Object {
                "children": <img
                  alt="Catzilla"
                  src="https://i.ytimg.com/vi/5530I_pYjbo/maxresdefault.jpg"
                />,
                "className": "artistProfile__image",
              },
              "ref": null,
              "rendered": Object {
                "instance": null,
                "key": undefined,
                "nodeType": "host",
                "props": Object {
                  "alt": "Catzilla",
                  "src": "https://i.ytimg.com/vi/5530I_pYjbo/maxresdefault.jpg",
                },
                "ref": null,
                "rendered": null,
                "type": "img",
              },
              "type": "div",
            },
            Object {
              "instance": null,
              "key": undefined,
              "nodeType": "host",
              "props": Object {
                "children": <h1>
                  Catzilla
                </h1>,
                "className": "artistProfile__name",
              },
              "ref": null,
              "rendered": Object {
                "instance": null,
                "key": undefined,
                "nodeType": "host",
                "props": Object {
                  "children": "Catzilla",
                },
                "ref": null,
                "rendered": "Catzilla",
                "type": "h1",
              },
              "type": "div",
            },
            Object {
              "instance": null,
              "key": undefined,
              "nodeType": "host",
              "props": Object {
                "children": <a
                  href="http://fb.me"
                  target="_blank"
                >
                  Facebook profile
                </a>,
                "className": "artistProfile__link",
              },
              "ref": null,
              "rendered": Object {
                "instance": null,
                "key": undefined,
                "nodeType": "host",
                "props": Object {
                  "children": "Facebook profile",
                  "href": "http://fb.me",
                  "target": "_blank",
                },
                "ref": null,
                "rendered": "Facebook profile",
                "type": "a",
              },
              "type": "div",
            },
          ],
          "type": "div",
        },
        Object {
          "instance": null,
          "key": undefined,
          "nodeType": "host",
          "props": Object {
            "children": <EventsList
              events={
                Array [
                  Object {
                    "city": "Krakow",
                    "country": "Poland",
                    "date": "2018-12-30T19:00:48",
                    "id": "my.id",
                    "lat": 0,
                    "long": 0,
                    "venue": "Tauron Arena",
                  },
                ]
              }
            />,
            "className": "artistProfile_events",
          },
          "ref": null,
          "rendered": Object {
            "instance": null,
            "key": undefined,
            "nodeType": "class",
            "props": Object {
              "events": Array [
                Object {
                  "city": "Krakow",
                  "country": "Poland",
                  "date": "2018-12-30T19:00:48",
                  "id": "my.id",
                  "lat": 0,
                  "long": 0,
                  "venue": "Tauron Arena",
                },
              ],
            },
            "ref": null,
            "rendered": null,
            "type": [Function],
          },
          "type": "div",
        },
      ],
      "type": "div",
    },
  ],
  Symbol(enzyme.__options__): Object {
    "adapter": ReactSixteenAdapter {
      "options": Object {
        "enableComponentDidUpdateOnSetState": true,
        "lifecycles": Object {
          "componentDidUpdate": Object {
            "onSetState": true,
          },
          "getDerivedStateFromProps": true,
          "getSnapshotBeforeUpdate": true,
          "setState": Object {
            "skipsComponentDidUpdateOnNullish": true,
          },
        },
      },
    },
  },
}
`;
